../Core/Src/main.c:114:6:cmd_vel_callback	32	static
../Core/Src/main.c:126:6:MPU6050Init	32	static
../Core/Src/main.c:141:6:MPU6050ReadG	32	static
../Core/Src/main.c:153:6:MPU6050ReadA	32	static
../Core/Src/main.c:163:6:filter	56	static
../Core/Src/main.c:182:5:main	8	static
../Core/Src/main.c:272:6:SystemClock_Config	88	static
../Core/Src/main.c:314:13:MX_I2C2_Init	8	static
../Core/Src/main.c:348:13:MX_USART2_UART_Init	8	static
../Core/Src/main.c:379:13:MX_DMA_Init	16	static
../Core/Src/main.c:400:13:MX_GPIO_Init	48	static
../Core/Src/main.c:452:32:euler_to_quaternion	192	static
../Core/Src/main.c:469:6:timer_callback	80	static
../Core/Src/main.c:515:6:Task_pub_sub	272	static
../Core/Src/main.c:611:6:Task_IMU	16	static
../Core/Src/main.c:632:6:Task_control	16	static
../Core/Src/main.c:647:6:Error_Handler	4	static,ignoring_inline_asm
