../Core/Src/main.c:135:6:cmd_vel_callback	32	static
../Core/Src/main.c:155:5:main	64	static
../Core/Src/main.c:276:6:SystemClock_Config	88	static
../Core/Src/main.c:323:13:MX_I2C1_Init	8	static
../Core/Src/main.c:357:13:MX_TIM1_Init	32	static
../Core/Src/main.c:403:13:MX_TIM2_Init	56	static
../Core/Src/main.c:452:13:MX_TIM3_Init	48	static
../Core/Src/main.c:505:13:MX_TIM4_Init	56	static
../Core/Src/main.c:554:13:MX_USART1_UART_Init	8	static
../Core/Src/main.c:587:13:MX_USART2_UART_Init	8	static
../Core/Src/main.c:618:13:MX_DMA_Init	16	static
../Core/Src/main.c:639:13:MX_GPIO_Init	40	static
../Core/Src/main.c:700:32:euler_to_quaternion	192	static
../Core/Src/main.c:725:10:convertVrVlYaw	128	static
../Core/Src/main.c:738:6:timer_callback	128	static
../Core/Src/main.c:794:6:Task_pub_sub	272	static
../Core/Src/main.c:890:6:Task_IMU	40	static
../Core/Src/main.c:913:6:HAL_TIM_PeriodElapsedCallback	16	static
../Core/Src/main.c:928:6:Task_control	24	static
../Core/Src/main.c:946:6:Error_Handler	4	static,ignoring_inline_asm
