../Core/Src/main.c:114:6:cmd_vel_callback	32	static
../Core/Src/main.c:126:6:MPU6050Init	32	static
../Core/Src/main.c:141:6:MPU6050ReadG	32	static
../Core/Src/main.c:153:6:MPU6050ReadA	32	static
../Core/Src/main.c:163:6:filter	56	static
../Core/Src/main.c:182:5:main	8	static
../Core/Src/main.c:271:6:SystemClock_Config	88	static
../Core/Src/main.c:313:13:MX_I2C2_Init	8	static
../Core/Src/main.c:347:13:MX_USART2_UART_Init	8	static
../Core/Src/main.c:378:13:MX_DMA_Init	16	static
../Core/Src/main.c:399:13:MX_GPIO_Init	48	static
../Core/Src/main.c:451:32:euler_to_quaternion	192	static
../Core/Src/main.c:475:10:convertVrVlYaw	128	static
../Core/Src/main.c:484:6:timer_callback	112	static
../Core/Src/main.c:538:6:Task_pub_sub	272	static
../Core/Src/main.c:634:6:Task_IMU	16	static
../Core/Src/main.c:655:6:Task_control	16	static
../Core/Src/main.c:670:6:Error_Handler	4	static,ignoring_inline_asm
