../Core/Src/main.c:102:6:cmd_vel_callback	32	static
../Core/Src/main.c:115:6:MPU6050Init	32	static
../Core/Src/main.c:132:6:MPU6050ReadG	32	static
../Core/Src/main.c:144:6:MPU6050ReadA	32	static
../Core/Src/main.c:154:6:filter	56	static
../Core/Src/main.c:172:5:main	8	static
../Core/Src/main.c:259:6:SystemClock_Config	88	static
../Core/Src/main.c:301:13:MX_I2C2_Init	8	static
../Core/Src/main.c:335:13:MX_USART2_UART_Init	8	static
../Core/Src/main.c:366:13:MX_DMA_Init	16	static
../Core/Src/main.c:387:13:MX_GPIO_Init	48	static
../Core/Src/main.c:439:32:euler_to_quaternion	192	static
../Core/Src/main.c:456:6:timer_callback	80	static
../Core/Src/main.c:502:6:StartDefaultTask	272	static
../Core/Src/main.c:598:6:Error_Handler	4	static,ignoring_inline_asm
