../Core/Src/main.c:135:6:cmd_vel_callback	32	static
../Core/Src/main.c:154:5:main	64	static
../Core/Src/main.c:275:6:SystemClock_Config	88	static
../Core/Src/main.c:322:13:MX_I2C1_Init	8	static
../Core/Src/main.c:356:13:MX_TIM1_Init	32	static
../Core/Src/main.c:402:13:MX_TIM2_Init	56	static
../Core/Src/main.c:451:13:MX_TIM3_Init	48	static
../Core/Src/main.c:504:13:MX_TIM4_Init	56	static
../Core/Src/main.c:553:13:MX_USART1_UART_Init	8	static
../Core/Src/main.c:586:13:MX_USART2_UART_Init	8	static
../Core/Src/main.c:617:13:MX_DMA_Init	16	static
../Core/Src/main.c:638:13:MX_GPIO_Init	40	static
../Core/Src/main.c:699:32:euler_to_quaternion	192	static
../Core/Src/main.c:724:10:convertVrVlYaw	128	static
../Core/Src/main.c:737:6:timer_callback	128	static
../Core/Src/main.c:793:6:Task_pub_sub	272	static
../Core/Src/main.c:889:6:Task_IMU	40	static
../Core/Src/main.c:912:6:HAL_TIM_PeriodElapsedCallback	16	static
../Core/Src/main.c:927:6:Task_control	24	static
../Core/Src/main.c:944:6:Error_Handler	4	static,ignoring_inline_asm
